<?xml version="1.0" encoding="UTF-8"?>
<TestRun id="dc52e56d-c7e1-4d0f-80d4-4aefc3f542fa" name="Ryan@RYAN-LAPTOP 2012-05-13 01:16:22" runUser="Ryan-Laptop\Ryan" xmlns="http://microsoft.com/schemas/VisualStudio/TeamTest/2010">
  <TestSettings name="Local" id="a64761e9-48bf-4167-937f-13bc7552b873">
    <Description>These are default test settings for a local test run.</Description>
    <Deployment enabled="false" runDeploymentRoot="Ryan_RYAN-LAPTOP 2012-05-13 01_16_22">
      <DeploymentItem filename="C:\Users\Ryan\Dropbox\Projects\LogViewer\LogViewer\LogViewer\bin\Debug\LogViewer.exe" />
    </Deployment>
    <Execution>
      <TestTypeSpecific />
      <AgentRule name="Execution Agents">
      </AgentRule>
    </Execution>
  </TestSettings>
  <Times creation="2012-05-13T01:16:22.5747824-05:00" queuing="2012-05-13T01:16:22.6147847-05:00" start="2012-05-13T01:16:22.6637875-05:00" finish="2012-05-13T01:16:23.4668334-05:00" />
  <ResultSummary outcome="Inconclusive">
    <Counters total="1" executed="1" error="0" failed="0" timeout="0" aborted="0" inconclusive="1" passedButRunAborted="0" notRunnable="0" notExecuted="0" disconnected="0" warning="0" passed="0" completed="0" inProgress="0" pending="0" />
  </ResultSummary>
  <TestDefinitions>
    <UnitTest name="parseEventTest" storage="c:\users\ryan\dropbox\projects\logviewer\logviewer\logviewertest\bin\debug\logviewertest.dll" id="0013f3e0-7833-e7a0-1ce8-87d6eb9c7a91">
      <Execution id="e58eb68c-66c1-4436-9277-eb80e0797394" />
      <TestMethod codeBase="C:/Users/Ryan/Dropbox/Projects/LogViewer/LogViewer/LogViewerTest/bin/Debug/LogViewerTest.DLL" adapterTypeName="Microsoft.VisualStudio.TestTools.TestTypes.Unit.UnitTestAdapter, Microsoft.VisualStudio.QualityTools.Tips.UnitTest.Adapter, Version=10.0.0.0, Culture=neutral, PublicKeyToken=b03f5f7f11d50a3a" className="LogViewerTest.LogParserTest, LogViewerTest, Version=1.0.0.0, Culture=neutral, PublicKeyToken=null" name="parseEventTest" />
    </UnitTest>
  </TestDefinitions>
  <TestLists>
    <TestList name="Results Not in a List" id="8c84fa94-04c1-424b-9868-57a2d4851a1d" />
    <TestList name="All Loaded Results" id="19431567-8539-422a-85d7-44ee4e166bda" />
  </TestLists>
  <TestEntries>
    <TestEntry testId="0013f3e0-7833-e7a0-1ce8-87d6eb9c7a91" executionId="e58eb68c-66c1-4436-9277-eb80e0797394" testListId="8c84fa94-04c1-424b-9868-57a2d4851a1d" />
  </TestEntries>
  <Results>
    <UnitTestResult executionId="e58eb68c-66c1-4436-9277-eb80e0797394" testId="0013f3e0-7833-e7a0-1ce8-87d6eb9c7a91" testName="parseEventTest" computerName="RYAN-LAPTOP" duration="00:00:00.0643375" startTime="2012-05-13T01:16:22.7097901-05:00" endTime="2012-05-13T01:16:23.4178306-05:00" testType="13cdc9d9-ddb5-4fa4-a97d-d965ccfc6d4b" outcome="Inconclusive" testListId="8c84fa94-04c1-424b-9868-57a2d4851a1d" relativeResultsDirectory="e58eb68c-66c1-4436-9277-eb80e0797394">
      <Output>
        <ErrorInfo>
          <Message>Assert.Inconclusive failed. Verify the correctness of this test method.</Message>
          <StackTrace>   at LogViewerTest.LogParserTest.parseEventTest() in C:\Users\Ryan\Dropbox\Projects\LogViewer\LogViewer\LogViewerTest\LogParserTest.cs:line 77
</StackTrace>
        </ErrorInfo>
      </Output>
    </UnitTestResult>
  </Results>
</TestRun>